python : WARNING: All log messages before absl::InitializeLog() is called are written to STDERR
At line:1 char:398
+ ... m\backend"; python -m uvicorn app.main:app --port 8000 *> uvicorn_run ...
+                 ~~~~~~~~~~~~~~~~~~~~~~~~~~~~~~~~~~~~~~~~~~~~~~~~~~~~~~~~~
    + CategoryInfo          : NotSpecified: (WARNING: All lo...itten to STDERR:String) [], RemoteException
    + FullyQualifiedErrorId : NativeCommandError
 
I0000 00:00:1786371022.410927    8336 port.cc:153] oneDNN custom operations are on. You may see slightly different numerical 
results due to floating-point round-off errors from different computation orders. To turn them off, set the environment variable 
`TF_ENABLE_ONEDNN_OPTS=0`.
WARNING: All log messages before absl::InitializeLog() is called are written to STDERR
I0000 00:00:1786371026.763004    8336 port.cc:153] oneDNN custom operations are on. You may see slightly different numerical 
results due to floating-point round-off errors from different computation orders. To turn them off, set the environment variable 
`TF_ENABLE_ONEDNN_OPTS=0`.
W0000 00:00:1786371041.743069   26616 face_landmarker_graph.cc:180] Sets FaceBlendshapesGraph acceleration to xnnpack by default.
INFO: Created TensorFlow Lite XNNPACK delegate for CPU.
W0000 00:00:1786371041.749527   14708 inference_feedback_manager.cc:121] Feedback manager requires a model with a single signature 
inference. Disabling support for feedback tensors.
W0000 00:00:1786371041.757827    4424 inference_feedback_manager.cc:121] Feedback manager requires a model with a single signature 
inference. Disabling support for feedback tensors.
INFO:     Started server process [13760]
INFO:     Waiting for application startup.
INFO:     Application startup complete.
INFO:     Uvicorn running on http://127.0.0.1:8000 (Press CTRL+C to quit)
Loading Face Recognition Model...
WARNING: Face recognition model not found. Face authentication disabled.
Loading Emotion Model...
WARNING: Emotion model not found. Emotion recognition disabled.
Loading YOLO...
INFO:     127.0.0.1:48233 - "GET / HTTP/1.1" 200 OK
INFO:     127.0.0.1:48234 - "GET /live-monitor HTTP/1.1" 200 OK
2026-08-10 19:45:27,235 INFO sqlalchemy.engine.Engine BEGIN (implicit)
2026-08-10 19:45:27,245 INFO sqlalchemy.engine.Engine SELECT sessions.session_id AS sessions_session_id, sessions.class_id AS sessions_class_id, sessions.teacher_id AS sessions_teacher_id, sessions.start_time AS sessions_start_time, sessions.end_time AS sessions_end_time, sessions.is_active AS sessions_is_active 
FROM sessions 
WHERE sessions.class_id = ? AND sessions.is_active = 1
 LIMIT ? OFFSET ?
2026-08-10 19:45:27,245 INFO sqlalchemy.engine.Engine [generated in 0.00037s] (1, 1, 0)
2026-08-10 19:45:27,249 INFO sqlalchemy.engine.Engine ROLLBACK
INFO:     127.0.0.1:48242 - "POST /ai/analyze-frame HTTP/1.1" 200 OK
INFO:     127.0.0.1:48243 - "GET /live-monitor HTTP/1.1" 200 OK
E0000 00:00:1786371342.370081   17332 portable_clearcut_uploader.cc:90] Failed to send to clearcut: FAILED_PRECONDITION: Not valid 
for uploading until: 2026-08-10T14:26:42.323213+00:00
=== Source Location Trace: === 
wireless/android/play/playlog/cplusplus/portable_clearcut_uploader.cc:180
2026-08-10 19:46:31,975 INFO sqlalchemy.engine.Engine BEGIN (implicit)
2026-08-10 19:46:31,976 INFO sqlalchemy.engine.Engine SELECT sessions.session_id AS sessions_session_id, sessions.class_id AS sessions_class_id, sessions.teacher_id AS sessions_teacher_id, sessions.start_time AS sessions_start_time, sessions.end_time AS sessions_end_time, sessions.is_active AS sessions_is_active 
FROM sessions 
WHERE sessions.class_id = ? AND sessions.is_active = 1
 LIMIT ? OFFSET ?
2026-08-10 19:46:31,976 INFO sqlalchemy.engine.Engine [cached since 64.73s ago] (1, 1, 0)
2026-08-10 19:46:31,977 INFO sqlalchemy.engine.Engine ROLLBACK
INFO:     127.0.0.1:2217 - "POST /ai/analyze-frame HTTP/1.1" 200 OK
INFO:     127.0.0.1:2218 - "GET /live-monitor HTTP/1.1" 200 OK
E0000 00:00:1786371402.382688   17332 portable_clearcut_uploader.cc:90] Failed to send to clearcut: FAILED_PRECONDITION: Not valid 
for uploading until: 2026-08-10T14:26:42.323213+00:00
=== Source Location Trace: === 
wireless/android/play/playlog/cplusplus/portable_clearcut_uploader.cc:180
E0000 00:00:1786371462.390833   17332 portable_clearcut_uploader.cc:90] Failed to send to clearcut: FAILED_PRECONDITION: Not valid 
for uploading until: 2026-08-10T14:26:42.323213+00:00
=== Source Location Trace: === 
wireless/android/play/playlog/cplusplus/portable_clearcut_uploader.cc:180
E0000 00:00:1786371522.406562   17332 portable_clearcut_uploader.cc:90] Failed to send to clearcut: FAILED_PRECONDITION: Not valid 
for uploading until: 2026-08-10T14:26:42.323213+00:00
=== Source Location Trace: === 
wireless/android/play/playlog/cplusplus/portable_clearcut_uploader.cc:180
E0000 00:00:1786371582.407205   17332 portable_clearcut_uploader.cc:90] Failed to send to clearcut: FAILED_PRECONDITION: Not valid 
for uploading until: 2026-08-10T14:26:42.323213+00:00
=== Source Location Trace: === 
wireless/android/play/playlog/cplusplus/portable_clearcut_uploader.cc:180
E0000 00:00:1786371642.414631   17332 portable_clearcut_uploader.cc:90] Failed to send to clearcut: FAILED_PRECONDITION: Not valid 
for uploading until: 2026-08-10T14:26:42.323213+00:00
=== Source Location Trace: === 
wireless/android/play/playlog/cplusplus/portable_clearcut_uploader.cc:180
E0000 00:00:1786371702.424843   17332 portable_clearcut_uploader.cc:90] Failed to send to clearcut: FAILED_PRECONDITION: Not valid 
for uploading until: 2026-08-10T14:26:42.323213+00:00
=== Source Location Trace: === 
wireless/android/play/playlog/cplusplus/portable_clearcut_uploader.cc:180
