python : WARNING: All log messages before absl::InitializeLog() is called 
are written to STDERR
At line:1 char:398
+ ... m\backend"; python -m uvicorn app.main:app --port 8000 *> uvicorn_run 
...
+                 ~~~~~~~~~~~~~~~~~~~~~~~~~~~~~~~~~~~~~~~~~~~~~~~~~~~~~~~~~
    + CategoryInfo          : NotSpecified: (WARNING: All lo...itten to STD 
   ERR:String) [], RemoteException
    + FullyQualifiedErrorId : NativeCommandError
 
I0000 00:00:1786371765.830418   22532 port.cc:153] oneDNN custom operations 
are on. You may see slightly different numerical results due to 
floating-point round-off errors from different computation orders. To turn 
them off, set the environment variable `TF_ENABLE_ONEDNN_OPTS=0`.
WARNING: All log messages before absl::InitializeLog() is called are 
written to STDERR
I0000 00:00:1786371767.955076   22532 port.cc:153] oneDNN custom operations 
are on. You may see slightly different numerical results due to 
floating-point round-off errors from different computation orders. To turn 
them off, set the environment variable `TF_ENABLE_ONEDNN_OPTS=0`.
W0000 00:00:1786371771.934239   26212 face_landmarker_graph.cc:180] Sets 
FaceBlendshapesGraph acceleration to xnnpack by default.
INFO: Created TensorFlow Lite XNNPACK delegate for CPU.
W0000 00:00:1786371771.940781   14572 inference_feedback_manager.cc:121] 
Feedback manager requires a model with a single signature inference. 
Disabling support for feedback tensors.
W0000 00:00:1786371771.950266   14572 inference_feedback_manager.cc:121] 
Feedback manager requires a model with a single signature inference. 
Disabling support for feedback tensors.
INFO:     Started server process [3180]
INFO:     Waiting for application startup.
INFO:     Application startup complete.
INFO:     Uvicorn running on http://127.0.0.1:8000 (Press CTRL+C to quit)
Loading Face Recognition Model...
WARNING: Face recognition model not found. Face authentication disabled.
Loading Emotion Model...
WARNING: Emotion model not found. Emotion recognition disabled.
Loading YOLO...
2026-08-10 19:53:34,539 INFO sqlalchemy.engine.Engine BEGIN (implicit)
2026-08-10 19:53:34,549 INFO sqlalchemy.engine.Engine SELECT sessions.session_id AS sessions_session_id, sessions.class_id AS sessions_class_id, sessions.teacher_id AS sessions_teacher_id, sessions.start_time AS sessions_start_time, sessions.end_time AS sessions_end_time, sessions.is_active AS sessions_is_active 
FROM sessions 
WHERE sessions.class_id = ? AND sessions.is_active = 1
 LIMIT ? OFFSET ?
2026-08-10 19:53:34,549 INFO sqlalchemy.engine.Engine [generated in 0.00038s] (1, 1, 0)
2026-08-10 19:53:34,559 INFO sqlalchemy.engine.Engine INSERT INTO engagement_records (session_id, student_id, emotion, blink_count, head_pose, gaze, phone_detected, multiple_person, engagement_score, engagement_status, fps, extra_metrics, camera_status, internet_status, device_type) VALUES (?, ?, ?, ?, ?, ?, ?, ?, ?, ?, ?, ?, ?, ?, ?) RETURNING record_id, timestamp
2026-08-10 19:53:34,559 INFO sqlalchemy.engine.Engine [generated in 0.00059s] (1, 1, 'Unknown', 0, 'Looking Forward', 'Center', 0, 0, 100.0, 'Engaged', None, None, None, None, None)
2026-08-10 19:53:34,564 INFO sqlalchemy.engine.Engine COMMIT
INFO:     127.0.0.1:35613 - "POST /ai/analyze-frame HTTP/1.1" 200 OK
INFO:     127.0.0.1:35614 - "GET /live-monitor HTTP/1.1" 200 OK
